﻿
> build
> vite build

[36mvite v7.3.3 [32mbuilding client environment for production...[36m[39m
[plugin @laravel/vite-plugin-wayfinder] Types generated for actions, routes, form variants
transforming...
[32mΓ£ô[39m 5 modules transformed.
node.exe : [31mΓ£ù[39m Build failed in 7.71s
At line:1 char:1
+ & "C:\Program Files\nodejs/node.exe" "C:\Users\Raymk\AppData\Roaming\ ...
+ ~~~~~~~~~~~~~~~~~~~~~~~~~~~~~~~~~~~~~~~~~~~~~~~~~~~~~~~~~~~~~~~~~~~~~
    + CategoryInfo          : NotSpecified: ([31mΓ£ù[39m Build failed in 7.71s:String) [], RemoteException
    + FullyQualifiedErrorId : NativeCommandError
 
[31merror during build:
[31m[vite:react-babel] C:\Users\Raymk\Documents\Development\cars\resources\js\pages\admin\analytics\index.tsx: 
Expected corresponding JSX closing tag for <CardContent>. (131:24)

[0m [90m 129 |[31m                                 ))}
 [90m 130 |[31m                             [33m<[31m[33m/[31m[33mdiv[31m[33m>[31m
[31m[1m>[22m[31m[90m 131 |[31m                         [33m<[31m[33m/[31m[33mCardHeader[31m[33m>[31m
 [90m     |[31m                         [31m[1m^[22m[31m
 [90m 132 |[31m                     [33m<[31m[33m/[31m[33mCard[31m[33m>[31m
 [90m 133 |[31m
 [90m 134 |[31m                     {[90m/* Top Dealers */[31m}[0m[31m
file: [36mC:/Users/Raymk/Documents/Development/cars/resources/js/pages/admin/analytics/index.tsx:131:24[31m
    at constructor (C:\Users\Raymk\Documents\Development\cars\node_modules\@babel\parser\lib\index.js:367:19)
    at TypeScriptParserMixin.raise 
(C:\Users\Raymk\Documents\Development\cars\node_modules\@babel\parser\lib\index.js:6630:19)
    at TypeScriptParserMixin.jsxParseElementAt 
(C:\Users\Raymk\Documents\Development\cars\node_modules\@babel\parser\lib\index.js:4760:16)
    at TypeScriptParserMixin.jsxParseElementAt 
(C:\Users\Raymk\Documents\Development\cars\node_modules\@babel\parser\lib\index.js:4731:32)
    at TypeScriptParserMixin.jsxParseElementAt 
(C:\Users\Raymk\Documents\Development\cars\node_modules\@babel\parser\lib\index.js:4731:32)
    at TypeScriptParserMixin.jsxParseElementAt 
(C:\Users\Raymk\Documents\Development\cars\node_modules\@babel\parser\lib\index.js:4731:32)
    at TypeScriptParserMixin.jsxParseElementAt 
(C:\Users\Raymk\Documents\Development\cars\node_modules\@babel\parser\lib\index.js:4731:32)
    at TypeScriptParserMixin.jsxParseElement 
(C:\Users\Raymk\Documents\Development\cars\node_modules\@babel\parser\lib\index.js:4782:17)
    at TypeScriptParserMixin.parseExprAtom 
(C:\Users\Raymk\Documents\Development\cars\node_modules\@babel\parser\lib\index.js:4792:19)
    at TypeScriptParserMixin.parseExprSubscripts 
(C:\Users\Raymk\Documents\Development\cars\node_modules\@babel\parser\lib\index.js:11085:23)
    at TypeScriptParserMixin.parseUpdate 
(C:\Users\Raymk\Documents\Development\cars\node_modules\@babel\parser\lib\index.js:11070:21)
    at TypeScriptParserMixin.parseMaybeUnary 
(C:\Users\Raymk\Documents\Development\cars\node_modules\@babel\parser\lib\index.js:11050:23)
    at TypeScriptParserMixin.parseMaybeUnary 
(C:\Users\Raymk\Documents\Development\cars\node_modules\@babel\parser\lib\index.js:9857:18)
    at TypeScriptParserMixin.parseMaybeUnaryOrPrivate 
(C:\Users\Raymk\Documents\Development\cars\node_modules\@babel\parser\lib\index.js:10903:61)
    at TypeScriptParserMixin.parseExprOps 
(C:\Users\Raymk\Documents\Development\cars\node_modules\@babel\parser\lib\index.js:10908:23)
    at TypeScriptParserMixin.parseMaybeConditional 
(C:\Users\Raymk\Documents\Development\cars\node_modules\@babel\parser\lib\index.js:10885:23)
    at TypeScriptParserMixin.parseMaybeAssign 
(C:\Users\Raymk\Documents\Development\cars\node_modules\@babel\parser\lib\index.js:10835:21)
    at C:\Users\Raymk\Documents\Development\cars\node_modules\@babel\parser\lib\index.js:9795:39
    at TypeScriptParserMixin.tryParse 
(C:\Users\Raymk\Documents\Development\cars\node_modules\@babel\parser\lib\index.js:6938:20)
    at TypeScriptParserMixin.parseMaybeAssign 
(C:\Users\Raymk\Documents\Development\cars\node_modules\@babel\parser\lib\index.js:9795:18)
    at C:\Users\Raymk\Documents\Development\cars\node_modules\@babel\parser\lib\index.js:10804:39
    at TypeScriptParserMixin.allowInAnd 
(C:\Users\Raymk\Documents\Development\cars\node_modules\@babel\parser\lib\index.js:12436:12)
    at TypeScriptParserMixin.parseMaybeAssignAllowIn 
(C:\Users\Raymk\Documents\Development\cars\node_modules\@babel\parser\lib\index.js:10804:17)
    at TypeScriptParserMixin.parseMaybeAssignAllowInOrVoidPattern 
(C:\Users\Raymk\Documents\Development\cars\node_modules\@babel\parser\lib\index.js:12503:17)
    at TypeScriptParserMixin.parseParenAndDistinguishExpression 
(C:\Users\Raymk\Documents\Development\cars\node_modules\@babel\parser\lib\index.js:11683:28)
    at TypeScriptParserMixin.parseExprAtom 
(C:\Users\Raymk\Documents\Development\cars\node_modules\@babel\parser\lib\index.js:11335:23)
    at TypeScriptParserMixin.parseExprAtom 
(C:\Users\Raymk\Documents\Development\cars\node_modules\@babel\parser\lib\index.js:4797:20)
    at TypeScriptParserMixin.parseExprSubscripts 
(C:\Users\Raymk\Documents\Development\cars\node_modules\@babel\parser\lib\index.js:11085:23)
    at TypeScriptParserMixin.parseUpdate 
(C:\Users\Raymk\Documents\Development\cars\node_modules\@babel\parser\lib\index.js:11070:21)
    at TypeScriptParserMixin.parseMaybeUnary 
(C:\Users\Raymk\Documents\Development\cars\node_modules\@babel\parser\lib\index.js:11050:23)
    at TypeScriptParserMixin.parseMaybeUnary 
(C:\Users\Raymk\Documents\Development\cars\node_modules\@babel\parser\lib\index.js:9857:18)
    at TypeScriptParserMixin.parseMaybeUnaryOrPrivate 
(C:\Users\Raymk\Documents\Development\cars\node_modules\@babel\parser\lib\index.js:10903:61)
    at TypeScriptParserMixin.parseExprOps 
(C:\Users\Raymk\Documents\Development\cars\node_modules\@babel\parser\lib\index.js:10908:23)
    at TypeScriptParserMixin.parseMaybeConditional 
(C:\Users\Raymk\Documents\Development\cars\node_modules\@babel\parser\lib\index.js:10885:23)
    at TypeScriptParserMixin.parseMaybeAssign 
(C:\Users\Raymk\Documents\Development\cars\node_modules\@babel\parser\lib\index.js:10835:21)
    at TypeScriptParserMixin.parseMaybeAssign 
(C:\Users\Raymk\Documents\Development\cars\node_modules\@babel\parser\lib\index.js:9806:20)
    at TypeScriptParserMixin.parseExpressionBase 
(C:\Users\Raymk\Documents\Development\cars\node_modules\@babel\parser\lib\index.js:10788:23)
    at C:\Users\Raymk\Documents\Development\cars\node_modules\@babel\parser\lib\index.js:10784:39
    at TypeScriptParserMixin.allowInAnd 
(C:\Users\Raymk\Documents\Development\cars\node_modules\@babel\parser\lib\index.js:12431:16)
    at TypeScriptParserMixin.parseExpression 
(C:\Users\Raymk\Documents\Development\cars\node_modules\@babel\parser\lib\index.js:10784:17)
    at TypeScriptParserMixin.parseReturnStatement 
(C:\Users\Raymk\Documents\Development\cars\node_modules\@babel\parser\lib\index.js:13151:28)
    at TypeScriptParserMixin.parseStatementContent 
(C:\Users\Raymk\Documents\Development\cars\node_modules\@babel\parser\lib\index.js:12807:21)
    at TypeScriptParserMixin.parseStatementContent 
(C:\Users\Raymk\Documents\Development\cars\node_modules\@babel\parser\lib\index.js:9532:18)
    at TypeScriptParserMixin.parseStatementLike 
(C:\Users\Raymk\Documents\Development\cars\node_modules\@babel\parser\lib\index.js:12776:17)
    at TypeScriptParserMixin.parseStatementListItem 
(C:\Users\Raymk\Documents\Development\cars\node_modules\@babel\parser\lib\index.js:12756:17)
    at TypeScriptParserMixin.parseBlockOrModuleBlockBody 
(C:\Users\Raymk\Documents\Development\cars\node_modules\@babel\parser\lib\index.js:13325:61)
    at TypeScriptParserMixin.parseBlockBody 
(C:\Users\Raymk\Documents\Development\cars\node_modules\@babel\parser\lib\index.js:13318:10)
    at TypeScriptParserMixin.parseBlock 
(C:\Users\Raymk\Documents\Development\cars\node_modules\@babel\parser\lib\index.js:13306:10)
    at TypeScriptParserMixin.parseFunctionBody 
(C:\Users\Raymk\Documents\Development\cars\node_modules\@babel\parser\lib\index.js:12110:24)
    at TypeScriptParserMixin.parseFunctionBodyAndFinish 
(C:\Users\Raymk\Documents\Development\cars\node_modules\@babel\parser\lib\index.js:12096:10)[39m
